laura@harriet:~/GitHub$ git clone https://github.com/LauraGramolini/Worms.git
Cloning into 'Worms'...
remote: Enumerating objects: 9, done.
remote: Counting objects: 100% (9/9), done.
remote: Compressing objects: 100% (6/6), done.
remote: Total 9 (delta 0), reused 3 (delta 0), pack-reused 0
Receiving objects: 100% (9/9), done.
laura@harriet:~/GitHub$ ls -h
access_token  Worms
laura@harriet:~/GitHub$ cd Worms
laura@harriet:~/GitHub/Worms$ mkdir test
laura@harriet:~/GitHub/Worms$ cd test
laura@harriet:~/GitHub/Worms/test$ touch myfirstscript && chmod u+x myfirstscript.sh
chmod: cannot access 'myfirstscript.sh': No such file or directory
laura@harriet:~/GitHub/Worms/test$ touch myfirstscript.sh && chmod u+x myfirstscript.sh
laura@harriet:~/GitHub/Worms/test$ ls
myfirstscript  myfirstscript.sh
laura@harriet:~/GitHub/Worms/test$ nano myfirstscript
laura@harriet:~/GitHub/Worms/test$ nano myfirstscript.sh 
laura@harriet:~/GitHub/Worms/test$ git status
On branch master
Your branch is up to date with 'origin/master'.

Untracked files:
  (use "git add <file>..." to include in what will be committed)
	./

nothing added to commit but untracked files present (use "git add" to track)
laura@harriet:~/GitHub/Worms/test$ git diff
laura@harriet:~/GitHub/Worms/test$ git add ./
laura@harriet:~/GitHub/Worms/test$ git status
On branch master
Your branch is up to date with 'origin/master'.

Changes to be committed:
  (use "git restore --staged <file>..." to unstage)
	new file:   myfirstscript
	new file:   myfirstscript.sh

laura@harriet:~/GitHub/Worms/test$ git commit -m "here is my first commit, love you world"
Author identity unknown

*** Please tell me who you are.

Run

  git config --global user.email "you@example.com"
  git config --global user.name "Your Name"

to set your account's default identity.
Omit --global to set the identity only in this repository.

fatal: empty ident name (for <laura@harriet.biologie.hu-berlin.de>) not allowed
laura@harriet:~/GitHub/Worms/test$ git config --global user.email "lauragramolini@gmail.com"
laura@harriet:~/GitHub/Worms/test$ git config --global user.name "LauraGramolini"
laura@harriet:~/GitHub/Worms/test$ git commit -m "here is my first commit, love you world"
[master 8c68286] here is my first commit, love you world
 2 files changed, 1 insertion(+)
 create mode 100644 test/myfirstscript
 create mode 100755 test/myfirstscript.sh
laura@harriet:~/GitHub/Worms/test$ git push
Username for 'https://github.com': LauraGramolini
Password for 'https://LauraGramolini@github.com': 
Enumerating objects: 6, done.
Counting objects: 100% (6/6), done.
Delta compression using up to 96 threads
Compressing objects: 100% (3/3), done.
Writing objects: 100% (5/5), 388 bytes | 388.00 KiB/s, done.
Total 5 (delta 1), reused 0 (delta 0), pack-reused 0
remote: Resolving deltas: 100% (1/1), completed with 1 local object.
To https://github.com/LauraGramolini/Worms.git
   8bd3aa7..8c68286  master -> master
